// Jest Snapshot v1, https://goo.gl/fbAQLP

exports[`<PRTableCellReviewers /> renders successfully column without any reviewers 1`] = `
<div>
  <div
    class="reviewers-container"
  >
    <div
      class="reviewers-container-hidden"
    />
    <div
      class="bolt-pill-group flex-row overflow-wrap"
    >
      <div
        class="bolt-pill-group-inner flex-row"
      />
    </div>
  </div>
</div>
`;
