// Jest Snapshot v1, https://goo.gl/fbAQLP

exports[`<PRTableCellBranches /> render with correct text for each button 1`] = `
<div>
  <div
    class="flex-row flex-center rhythm-horizontal-4"
  >
    <button
      class="branch-button bolt-button bolt-icon-button enabled subtle bolt-focus-treatment"
      data-focuszone=""
      data-is-focusable="true"
      role="button"
      tabindex="0"
      type="button"
    >
      <span
        aria-hidden="true"
        class="left-icon flex-noshrink fabric-icon ms-Icon--Repo medium"
      />
      <span
        class="bolt-button-text body-m"
      >
        Repository
      </span>
    </button>
    <button
      class="branch-button text-ellipsis bolt-button bolt-icon-button enabled subtle bolt-focus-treatment"
      data-focuszone=""
      data-is-focusable="true"
      role="button"
      tabindex="0"
      type="button"
    >
      <span
        aria-hidden="true"
        class="left-icon flex-noshrink fabric-icon ms-Icon--BranchCompare medium"
      />
      <span
        class="bolt-button-text body-m"
      >
        Source Branch
      </span>
    </button>
    <button
      class="branch-button bolt-button bolt-icon-button enabled subtle bolt-focus-treatment"
      data-focuszone=""
      data-is-focusable="true"
      role="button"
      tabindex="0"
      type="button"
    >
      <span
        aria-hidden="true"
        class="left-icon flex-noshrink fabric-icon ms-Icon--BranchMerge medium"
      />
      <span
        class="bolt-button-text body-m"
      >
        Target Branch
      </span>
    </button>
  </div>
</div>
`;
